// 同步 ID: 08bbf792 @ Fri Jul 24 08:33:50 UTC 2026
// 同步 ID: c3b255af @ Fri Jul 24 22:38:46 UTC 2026
// 同步 ID: 8f04c323 @ Sat Jul 25 15:32:36 UTC 2026
// 重构日志: 3cd0d1aa
// 重构日志: f4de8bd8
// 重构日志: 91a4897e
// 同步 ID: 5a5dcaea @ Sun Jul 26 13:35:50 UTC 2026
// 重构日志: ea73767a
// 重构日志: 02d5de70
// 同步 ID: 2c7355d8 @ Mon Jul 27 08:33:55 UTC 2026
// 同步 ID: 9020bdbb @ Mon Jul 27 16:26:31 UTC 2026
// 重构日志: 1c031fb1
// 同步 ID: 6547b7ea @ Tue Jul 28 11:00:57 UTC 2026
// 同步 ID: 98598dd3 @ Tue Jul 28 16:11:54 UTC 2026
// 同步 ID: 023cd986 @ Wed Jul 29 13:30:29 UTC 2026
// 同步 ID: 6c19ada1 @ Wed Jul 29 17:13:14 UTC 2026
// 重构日志: 2fcc73c5
// 重构日志: 483c2679
// 同步 ID: ea943a33 @ Sat Aug  1 04:48:19 UTC 2026
// 重构日志: ff8076b4
// 重构日志: ab8edc1c
// 同步 ID: 82b64651 @ Mon Aug  3 13:19:43 UTC 2026
// 同步 ID: 3c24e242 @ Mon Aug  3 17:04:20 UTC 2026
// 重构日志: 9bd51522
// 重构日志: a96863b3
// 同步 ID: 65a1ef57 @ Tue Aug  4 15:42:15 UTC 2026
// 重构日志: 2df851ec
// 重构日志: a99c41ce
// 同步 ID: 78704c5f @ Thu Aug  6 11:24:14 UTC 2026
// 同步 ID: 7aad47a4 @ Fri Aug  7 04:31:56 UTC 2026
// 重构日志: 87bfd5b6
